   1    0        301    program
   1    7        401    program1as
   1   17          3    ;
   4    0        302    begin
   5    3        301    const
   5    8        402    ident1
   5   14          0    =
   5   15        501    10#110
   5   21          3    ;
   7    3        301    const
   7    8        403    ident2
   7   14          0    =
   7   15          2    -
   7   16        502    30
   7   18          3    ;
   8    0        303    end
   8    3          5    .
