   1    1        301    program
   1    9        401    myprog
   1   15          3    ;
   2    1        304    const
   2    7        402    ident
   2   13          0    =
   2   15        501    10
   2   17          3    ;
   4    1        302    begin
   5    1        303    end
