   1    1        301    program
   1    9        401    myprog
   1   15          3    ;
   2    1        304    const
   2    8          0    =
   2   10        501    10
   2   12          3    ;
   4    1        302    begin
   5    1        303    end
   5    4          5    .

Tree:
<signal-program>
    <program>
        PROGRAM
        <procedure-identifier>
            <identifier>
                myprog
        ;
        <block>
            <declarations>
                <constant-declaration>
                    <empty>
            BEGIN
            <statement-list>
                <empty>
            END
        .
