   1    1        401    mykeyword
   1   11        402    myprog
   1   17          3    ;
   2    1        304    const
   2    7        403    ident
   2   13          0    =
   2   15        501    10
   2   17          3    ;
   4    1        302    begin
   5    1        303    end
   5    4          5    .
